[Wed Jan 18 12:02:48.395208 2017] [authz_core:error] [pid 18052:tid 1780] [client 192.168.3.91:54451] AH01630: client denied by server configuration: C:/xampp/htdocs/
[Wed Jan 18 12:02:50.629642 2017] [authz_core:error] [pid 18052:tid 1780] [client 192.168.3.91:54451] AH01630: client denied by server configuration: C:/xampp/htdocs/, referer: https://ixi-portalsvr/
[Wed Jan 18 12:02:53.958197 2017] [authz_core:error] [pid 18052:tid 1780] [client 192.168.3.91:54451] AH01630: client denied by server configuration: C:/xampp/htdocs/, referer: https://ixi-portalsvr/
[Thu Jan 19 08:24:35.596750 2017] [:error] [pid 18052:tid 1688] [client 192.168.3.71:64262] PHP Fatal error:  Maximum execution time of 30 seconds exceeded in C:\\xampp\\htdocs\\Intranet\\vendor\\compiled.php on line 6423, referer: http://ixi-portalsvr/
[Thu Jan 19 08:24:35.596750 2017] [:error] [pid 18052:tid 1780] [client 192.168.3.71:64264] PHP Fatal error:  Maximum execution time of 30 seconds exceeded in C:\\xampp\\htdocs\\Intranet\\vendor\\compiled.php on line 6423, referer: http://ixi-portalsvr/
[Thu Jan 26 12:24:15.221270 2017] [:error] [pid 18052:tid 1736] [client 192.168.3.71:49350] PHP Fatal error:  Maximum execution time of 30 seconds exceeded in C:\\xampp\\htdocs\\Intranet\\vendor\\compiled.php on line 6440, referer: http://ixi-portalsvr/rqadmin
[Thu Jan 26 14:59:29.704219 2017] [:error] [pid 18052:tid 1720] [client 192.168.3.139:51203] PHP Fatal error:  Call to a member function all() on array in C:\\xampp\\htdocs\\Intranet\\app\\Http\\Controllers\\Core\\ActionsController.php on line 106, referer: http://ixi-portalsvr/purchase/rqsearch
[Fri Feb 03 14:25:10.156345 2017] [:error] [pid 18052:tid 1768] [client 192.168.3.71:65423] PHP Fatal error:  Maximum execution time of 30 seconds exceeded in C:\\xampp\\htdocs\\Intranet\\vendor\\compiled.php on line 6440, referer: http://ixi-portalsvr/rqadmin
[Sun Feb 05 01:37:38.784928 2017] [authz_core:error] [pid 18052:tid 1768] [client 192.168.3.137:56463] AH01630: client denied by server configuration: C:/xampp/htdocs/
[Tue Feb 07 15:01:59.722212 2017] [authz_core:error] [pid 18052:tid 1704] [client 192.168.3.185:57953] AH01630: client denied by server configuration: C:/xampp/htdocs/
[Tue Feb 07 16:16:24.070082 2017] [authz_core:error] [pid 18052:tid 1768] [client 192.168.3.185:64336] AH01630: client denied by server configuration: C:/xampp/htdocs/
[Tue Feb 07 16:43:09.993508 2017] [authz_core:error] [pid 18052:tid 1768] [client 192.168.3.114:56345] AH01630: client denied by server configuration: C:/xampp/htdocs/
[Tue Feb 07 17:52:28.910299 2017] [authz_core:error] [pid 18052:tid 1768] [client 192.168.3.114:55720] AH01630: client denied by server configuration: C:/xampp/htdocs/
[Tue Feb 07 20:07:40.026114 2017] [authz_core:error] [pid 18052:tid 1788] [client 192.168.3.185:57308] AH01630: client denied by server configuration: C:/xampp/htdocs/
[Wed Feb 08 00:07:14.710506 2017] [authz_core:error] [pid 18052:tid 1788] [client 192.168.3.185:49715] AH01630: client denied by server configuration: C:/xampp/htdocs/
[Wed Feb 08 04:05:44.727306 2017] [authz_core:error] [pid 18052:tid 1788] [client 192.168.3.185:58466] AH01630: client denied by server configuration: C:/xampp/htdocs/
[Wed Feb 08 08:08:20.398710 2017] [authz_core:error] [pid 18052:tid 1788] [client 192.168.3.185:50809] AH01630: client denied by server configuration: C:/xampp/htdocs/
[Wed Feb 08 12:16:08.356087 2017] [authz_core:error] [pid 18052:tid 1748] [client 192.168.3.185:52854] AH01630: client denied by server configuration: C:/xampp/htdocs/
[Wed Feb 08 16:14:03.880858 2017] [authz_core:error] [pid 18052:tid 1736] [client 192.168.3.185:63245] AH01630: client denied by server configuration: C:/xampp/htdocs/
[Wed Feb 08 16:25:48.991722 2017] [:error] [pid 18052:tid 1768] [client 192.168.3.71:57974] PHP Fatal error:  Maximum execution time of 30 seconds exceeded in C:\\xampp\\htdocs\\Intranet\\vendor\\compiled.php on line 6440, referer: http://ixi-portalsvr/rqadmin
[Wed Feb 08 20:06:14.938658 2017] [authz_core:error] [pid 18052:tid 1748] [client 192.168.3.185:56191] AH01630: client denied by server configuration: C:/xampp/htdocs/
[Thu Feb 09 00:05:45.228026 2017] [authz_core:error] [pid 18052:tid 1788] [client 192.168.3.185:64744] AH01630: client denied by server configuration: C:/xampp/htdocs/
[Thu Feb 09 04:06:33.220244 2017] [authz_core:error] [pid 18052:tid 1788] [client 192.168.3.185:57124] AH01630: client denied by server configuration: C:/xampp/htdocs/
[Thu Feb 09 06:25:58.985087 2017] [:error] [pid 18052:tid 1788] [client 192.168.3.114:60223] PHP Fatal error:  Maximum execution time of 30 seconds exceeded in C:\\xampp\\htdocs\\Intranet\\vendor\\compiled.php on line 6440
[Thu Feb 09 08:09:29.867259 2017] [authz_core:error] [pid 18052:tid 1760] [client 192.168.3.185:49731] AH01630: client denied by server configuration: C:/xampp/htdocs/
[Thu Feb 09 12:14:00.924654 2017] [authz_core:error] [pid 18052:tid 1772] [client 192.168.3.185:60875] AH01630: client denied by server configuration: C:/xampp/htdocs/
[Thu Feb 09 16:20:11.792329 2017] [authz_core:error] [pid 18052:tid 1788] [client 192.168.3.185:56739] AH01630: client denied by server configuration: C:/xampp/htdocs/
[Thu Feb 09 20:07:23.249801 2017] [authz_core:error] [pid 18052:tid 1788] [client 192.168.3.185:49927] AH01630: client denied by server configuration: C:/xampp/htdocs/
[Fri Feb 10 00:05:52.435207 2017] [authz_core:error] [pid 18052:tid 1788] [client 192.168.3.185:59151] AH01630: client denied by server configuration: C:/xampp/htdocs/
[Fri Feb 10 04:08:56.418070 2017] [authz_core:error] [pid 18052:tid 1788] [client 192.168.3.185:51561] AH01630: client denied by server configuration: C:/xampp/htdocs/
[Fri Feb 10 08:10:54.084932 2017] [authz_core:error] [pid 18052:tid 1780] [client 192.168.3.185:60833] AH01630: client denied by server configuration: C:/xampp/htdocs/
[Fri Feb 10 12:14:31.048906 2017] [authz_core:error] [pid 18052:tid 1736] [client 192.168.3.185:63494] AH01630: client denied by server configuration: C:/xampp/htdocs/
[Fri Feb 10 16:10:50.065603 2017] [authz_core:error] [pid 18052:tid 1788] [client 192.168.3.185:58481] AH01630: client denied by server configuration: C:/xampp/htdocs/
[Fri Feb 10 20:06:37.364303 2017] [authz_core:error] [pid 18052:tid 1788] [client 192.168.3.185:51413] AH01630: client denied by server configuration: C:/xampp/htdocs/
[Sat Feb 11 00:06:04.681378 2017] [authz_core:error] [pid 18052:tid 1788] [client 192.168.3.185:60832] AH01630: client denied by server configuration: C:/xampp/htdocs/
[Sat Feb 11 04:36:30.134759 2017] [authz_core:error] [pid 18052:tid 1788] [client 192.168.3.185:54241] AH01630: client denied by server configuration: C:/xampp/htdocs/
[Sat Feb 11 08:05:08.878905 2017] [authz_core:error] [pid 18052:tid 1788] [client 192.168.3.185:62290] AH01630: client denied by server configuration: C:/xampp/htdocs/
[Sat Feb 11 12:05:16.357556 2017] [authz_core:error] [pid 18052:tid 1780] [client 192.168.3.185:55379] AH01630: client denied by server configuration: C:/xampp/htdocs/
[Sat Feb 11 16:05:39.254109 2017] [authz_core:error] [pid 18052:tid 1788] [client 192.168.3.185:64629] AH01630: client denied by server configuration: C:/xampp/htdocs/
[Sat Feb 11 20:05:17.812330 2017] [authz_core:error] [pid 18052:tid 1780] [client 192.168.3.185:57393] AH01630: client denied by server configuration: C:/xampp/htdocs/
[Sun Feb 12 00:05:13.436417 2017] [authz_core:error] [pid 18052:tid 1788] [client 192.168.3.185:50674] AH01630: client denied by server configuration: C:/xampp/htdocs/
[Sun Feb 12 04:05:30.081915 2017] [authz_core:error] [pid 18052:tid 1788] [client 192.168.3.185:60140] AH01630: client denied by server configuration: C:/xampp/htdocs/
[Sun Feb 12 08:07:52.006261 2017] [authz_core:error] [pid 18052:tid 1788] [client 192.168.3.185:52752] AH01630: client denied by server configuration: C:/xampp/htdocs/
[Sun Feb 12 08:26:16.142800 2017] [:error] [pid 18052:tid 1788] [client 192.168.3.114:65433] PHP Fatal error:  Maximum execution time of 30 seconds exceeded in C:\\xampp\\htdocs\\Intranet\\vendor\\compiled.php on line 6440
[Sun Feb 12 12:04:51.200256 2017] [authz_core:error] [pid 18052:tid 1780] [client 192.168.3.185:61118] AH01630: client denied by server configuration: C:/xampp/htdocs/
[Sun Feb 12 16:05:10.904376 2017] [authz_core:error] [pid 18052:tid 1788] [client 192.168.3.185:53811] AH01630: client denied by server configuration: C:/xampp/htdocs/
[Sun Feb 12 20:04:55.499824 2017] [authz_core:error] [pid 18052:tid 1780] [client 192.168.3.185:62404] AH01630: client denied by server configuration: C:/xampp/htdocs/
[Mon Feb 13 00:05:21.464635 2017] [authz_core:error] [pid 18052:tid 1788] [client 192.168.3.185:54842] AH01630: client denied by server configuration: C:/xampp/htdocs/
[Mon Feb 13 04:13:44.593591 2017] [authz_core:error] [pid 18052:tid 1780] [client 192.168.3.185:63379] AH01630: client denied by server configuration: C:/xampp/htdocs/
[Mon Feb 13 06:51:00.598835 2017] [:error] [pid 18052:tid 1788] [client 192.168.3.205:64824] PHP Warning:  require(C:\\xampp\\htdocs\\8087\\Intranet\\bootstrap/../vendor/autoload.php): failed to open stream: No such file or directory in C:\\xampp\\htdocs\\8087\\Intranet\\bootstrap\\autoload.php on line 17
[Mon Feb 13 06:51:00.598835 2017] [:error] [pid 18052:tid 1788] [client 192.168.3.205:64824] PHP Fatal error:  require(): Failed opening required 'C:\\xampp\\htdocs\\8087\\Intranet\\bootstrap/../vendor/autoload.php' (include_path='C:\\xampp\\php\\PEAR') in C:\\xampp\\htdocs\\8087\\Intranet\\bootstrap\\autoload.php on line 17
[Mon Feb 13 06:53:07.428270 2017] [:error] [pid 18052:tid 1780] [client 192.168.3.205:64861] PHP Warning:  require(C:\\xampp\\htdocs\\8087\\Intranet\\bootstrap/../vendor/autoload.php): failed to open stream: No such file or directory in C:\\xampp\\htdocs\\8087\\Intranet\\bootstrap\\autoload.php on line 17
[Mon Feb 13 06:53:07.428270 2017] [:error] [pid 18052:tid 1780] [client 192.168.3.205:64861] PHP Fatal error:  require(): Failed opening required 'C:\\xampp\\htdocs\\8087\\Intranet\\bootstrap/../vendor/autoload.php' (include_path='C:\\xampp\\php\\PEAR') in C:\\xampp\\htdocs\\8087\\Intranet\\bootstrap\\autoload.php on line 17
[Mon Feb 13 08:08:18.566574 2017] [authz_core:error] [pid 18052:tid 1760] [client 192.168.3.185:56254] AH01630: client denied by server configuration: C:/xampp/htdocs/
[Mon Feb 13 12:10:00.230038 2017] [authz_core:error] [pid 18052:tid 1736] [client 192.168.3.185:52488] AH01630: client denied by server configuration: C:/xampp/htdocs/
[Mon Feb 13 16:11:26.520121 2017] [authz_core:error] [pid 18052:tid 1788] [client 192.168.3.185:52523] AH01630: client denied by server configuration: C:/xampp/htdocs/
[Mon Feb 13 20:10:53.937257 2017] [authz_core:error] [pid 18052:tid 1748] [client 192.168.3.185:62291] AH01630: client denied by server configuration: C:/xampp/htdocs/
[Tue Feb 14 00:06:24.156319 2017] [authz_core:error] [pid 18052:tid 1760] [client 192.168.3.185:54494] AH01630: client denied by server configuration: C:/xampp/htdocs/
[Tue Feb 14 04:05:39.449840 2017] [authz_core:error] [pid 18052:tid 1780] [client 192.168.3.185:63225] AH01630: client denied by server configuration: C:/xampp/htdocs/
[Tue Feb 14 08:14:48.639888 2017] [authz_core:error] [pid 18052:tid 1748] [client 192.168.3.185:56667] AH01630: client denied by server configuration: C:/xampp/htdocs/
[Tue Feb 14 12:17:15.764482 2017] [authz_core:error] [pid 18052:tid 1788] [client 192.168.3.185:51157] AH01630: client denied by server configuration: C:/xampp/htdocs/
[Tue Feb 14 16:16:34.029753 2017] [authz_core:error] [pid 18052:tid 1768] [client 192.168.3.185:62595] AH01630: client denied by server configuration: C:/xampp/htdocs/
[Tue Feb 14 20:07:48.493154 2017] [authz_core:error] [pid 18052:tid 1788] [client 192.168.3.185:56597] AH01630: client denied by server configuration: C:/xampp/htdocs/
[Wed Feb 15 00:08:14.403391 2017] [authz_core:error] [pid 18052:tid 1772] [client 192.168.3.185:50409] AH01630: client denied by server configuration: C:/xampp/htdocs/
[Wed Feb 15 01:17:08.332476 2017] [authz_core:error] [pid 18052:tid 1768] [client 10.200.215.100:61468] AH01630: client denied by server configuration: C:/xampp/htdocs/8087/Intranet, referer: http://ixi-portalsvr:8087/request/purchase/101564/line/create
[Wed Feb 15 01:18:08.464018 2017] [authz_core:error] [pid 18052:tid 1772] [client 10.200.215.100:61479] AH01630: client denied by server configuration: C:/xampp/htdocs/8087/Intranet/public, referer: http://ixi-portalsvr:8087/request/purchase/101564/line/create
[Wed Feb 15 01:19:08.360683 2017] [authz_core:error] [pid 18052:tid 1788] [client 10.200.215.100:61489] AH01630: client denied by server configuration: C:/xampp/htdocs/8087/Intranet/public, referer: http://ixi-portalsvr:8087/request/purchase/101564/line/create
[Wed Feb 15 01:20:08.511751 2017] [authz_core:error] [pid 18052:tid 1788] [client 10.200.215.100:61497] AH01630: client denied by server configuration: C:/xampp/htdocs/8087/Intranet/public, referer: http://ixi-portalsvr:8087/request/purchase/101564/line/create
[Wed Feb 15 01:21:08.500864 2017] [authz_core:error] [pid 18052:tid 1772] [client 10.200.215.100:61511] AH01630: client denied by server configuration: C:/xampp/htdocs/8087/Intranet/public, referer: http://ixi-portalsvr:8087/request/purchase/101564/line/create
[Wed Feb 15 01:22:08.515755 2017] [authz_core:error] [pid 18052:tid 1788] [client 10.200.215.100:61520] AH01630: client denied by server configuration: C:/xampp/htdocs/8087/Intranet/public, referer: http://ixi-portalsvr:8087/request/purchase/101564/line/create
[Wed Feb 15 01:23:08.522027 2017] [authz_core:error] [pid 18052:tid 1772] [client 10.200.215.100:61531] AH01630: client denied by server configuration: C:/xampp/htdocs/8087/Intranet/public, referer: http://ixi-portalsvr:8087/request/purchase/101564/line/create
[Wed Feb 15 01:24:08.506766 2017] [authz_core:error] [pid 18052:tid 1788] [client 10.200.215.100:61540] AH01630: client denied by server configuration: C:/xampp/htdocs/8087/Intranet/public, referer: http://ixi-portalsvr:8087/request/purchase/101564/line/create
[Wed Feb 15 01:25:08.563762 2017] [:error] [pid 18052:tid 1772] [client 10.200.215.100:61565] PHP Warning:  require(C:\\xampp\\htdocs\\8087\\Intranet\\bootstrap/../vendor/autoload.php): failed to open stream: No such file or directory in C:\\xampp\\htdocs\\8087\\Intranet\\bootstrap\\autoload.php on line 17, referer: http://ixi-portalsvr:8087/request/purchase/101564/line/create
[Wed Feb 15 01:25:08.563762 2017] [:error] [pid 18052:tid 1772] [client 10.200.215.100:61565] PHP Fatal error:  require(): Failed opening required 'C:\\xampp\\htdocs\\8087\\Intranet\\bootstrap/../vendor/autoload.php' (include_path='C:\\xampp\\php\\PEAR') in C:\\xampp\\htdocs\\8087\\Intranet\\bootstrap\\autoload.php on line 17, referer: http://ixi-portalsvr:8087/request/purchase/101564/line/create
[Wed Feb 15 01:26:08.500178 2017] [:error] [pid 18052:tid 1772] [client 10.200.215.100:61609] PHP Warning:  require(C:\\xampp\\htdocs\\8087\\Intranet\\bootstrap/../vendor/autoload.php): failed to open stream: No such file or directory in C:\\xampp\\htdocs\\8087\\Intranet\\bootstrap\\autoload.php on line 17, referer: http://ixi-portalsvr:8087/request/purchase/101564/line/create
[Wed Feb 15 01:26:08.500178 2017] [:error] [pid 18052:tid 1772] [client 10.200.215.100:61609] PHP Fatal error:  require(): Failed opening required 'C:\\xampp\\htdocs\\8087\\Intranet\\bootstrap/../vendor/autoload.php' (include_path='C:\\xampp\\php\\PEAR') in C:\\xampp\\htdocs\\8087\\Intranet\\bootstrap\\autoload.php on line 17, referer: http://ixi-portalsvr:8087/request/purchase/101564/line/create
[Wed Feb 15 01:27:08.497691 2017] [:error] [pid 18052:tid 1788] [client 10.200.215.100:61617] PHP Warning:  require(C:\\xampp\\htdocs\\8087\\Intranet\\bootstrap/../vendor/autoload.php): failed to open stream: No such file or directory in C:\\xampp\\htdocs\\8087\\Intranet\\bootstrap\\autoload.php on line 17, referer: http://ixi-portalsvr:8087/request/purchase/101564/line/create
[Wed Feb 15 01:27:08.497691 2017] [:error] [pid 18052:tid 1788] [client 10.200.215.100:61617] PHP Fatal error:  require(): Failed opening required 'C:\\xampp\\htdocs\\8087\\Intranet\\bootstrap/../vendor/autoload.php' (include_path='C:\\xampp\\php\\PEAR') in C:\\xampp\\htdocs\\8087\\Intranet\\bootstrap\\autoload.php on line 17, referer: http://ixi-portalsvr:8087/request/purchase/101564/line/create
[Wed Feb 15 01:28:06.247014 2017] [:error] [pid 18052:tid 1788] [client 10.200.215.100:61627] PHP Warning:  require(C:\\xampp\\htdocs\\8087\\Intranet\\bootstrap/../vendor/autoload.php): failed to open stream: No such file or directory in C:\\xampp\\htdocs\\8087\\Intranet\\bootstrap\\autoload.php on line 17
[Wed Feb 15 01:28:06.247014 2017] [:error] [pid 18052:tid 1788] [client 10.200.215.100:61627] PHP Fatal error:  require(): Failed opening required 'C:\\xampp\\htdocs\\8087\\Intranet\\bootstrap/../vendor/autoload.php' (include_path='C:\\xampp\\php\\PEAR') in C:\\xampp\\htdocs\\8087\\Intranet\\bootstrap\\autoload.php on line 17
[Wed Feb 15 01:28:39.254001 2017] [:error] [pid 18052:tid 1760] [client 10.200.215.100:61647] PHP Warning:  require(C:\\xampp\\htdocs\\8087\\Intranet\\bootstrap/../vendor/autoload.php): failed to open stream: No such file or directory in C:\\xampp\\htdocs\\8087\\Intranet\\bootstrap\\autoload.php on line 17
[Wed Feb 15 01:28:39.254001 2017] [:error] [pid 18052:tid 1760] [client 10.200.215.100:61647] PHP Fatal error:  require(): Failed opening required 'C:\\xampp\\htdocs\\8087\\Intranet\\bootstrap/../vendor/autoload.php' (include_path='C:\\xampp\\php\\PEAR') in C:\\xampp\\htdocs\\8087\\Intranet\\bootstrap\\autoload.php on line 17
[Wed Feb 15 01:28:41.629050 2017] [:error] [pid 18052:tid 1760] [client 10.200.215.100:61647] PHP Warning:  require(C:\\xampp\\htdocs\\8087\\Intranet\\bootstrap/../vendor/autoload.php): failed to open stream: No such file or directory in C:\\xampp\\htdocs\\8087\\Intranet\\bootstrap\\autoload.php on line 17
[Wed Feb 15 01:28:41.629050 2017] [:error] [pid 18052:tid 1760] [client 10.200.215.100:61647] PHP Fatal error:  require(): Failed opening required 'C:\\xampp\\htdocs\\8087\\Intranet\\bootstrap/../vendor/autoload.php' (include_path='C:\\xampp\\php\\PEAR') in C:\\xampp\\htdocs\\8087\\Intranet\\bootstrap\\autoload.php on line 17
[Wed Feb 15 01:29:12.104813 2017] [:error] [pid 18052:tid 1760] [client 192.168.3.205:65447] PHP Warning:  require(C:\\xampp\\htdocs\\8087\\Intranet\\bootstrap/../vendor/autoload.php): failed to open stream: No such file or directory in C:\\xampp\\htdocs\\8087\\Intranet\\bootstrap\\autoload.php on line 17, referer: http://ixi-portalsvr:8087/
[Wed Feb 15 01:29:12.104813 2017] [:error] [pid 18052:tid 1760] [client 192.168.3.205:65447] PHP Fatal error:  require(): Failed opening required 'C:\\xampp\\htdocs\\8087\\Intranet\\bootstrap/../vendor/autoload.php' (include_path='C:\\xampp\\php\\PEAR') in C:\\xampp\\htdocs\\8087\\Intranet\\bootstrap\\autoload.php on line 17, referer: http://ixi-portalsvr:8087/
[Wed Feb 15 01:29:42.702969 2017] [:error] [pid 18052:tid 1772] [client 10.200.215.100:61661] PHP Warning:  require(C:\\xampp\\htdocs\\8087\\Intranet\\bootstrap/../vendor/autoload.php): failed to open stream: No such file or directory in C:\\xampp\\htdocs\\8087\\Intranet\\bootstrap\\autoload.php on line 17
[Wed Feb 15 01:29:42.702969 2017] [:error] [pid 18052:tid 1772] [client 10.200.215.100:61661] PHP Fatal error:  require(): Failed opening required 'C:\\xampp\\htdocs\\8087\\Intranet\\bootstrap/../vendor/autoload.php' (include_path='C:\\xampp\\php\\PEAR') in C:\\xampp\\htdocs\\8087\\Intranet\\bootstrap\\autoload.php on line 17
[Wed Feb 15 01:30:06.178270 2017] [:error] [pid 18052:tid 1736] [client 10.200.215.100:61669] PHP Warning:  require(C:\\xampp\\htdocs\\8087\\Intranet\\bootstrap/../vendor/autoload.php): failed to open stream: No such file or directory in C:\\xampp\\htdocs\\8087\\Intranet\\bootstrap\\autoload.php on line 17
[Wed Feb 15 01:30:06.178270 2017] [:error] [pid 18052:tid 1736] [client 10.200.215.100:61669] PHP Fatal error:  require(): Failed opening required 'C:\\xampp\\htdocs\\8087\\Intranet\\bootstrap/../vendor/autoload.php' (include_path='C:\\xampp\\php\\PEAR') in C:\\xampp\\htdocs\\8087\\Intranet\\bootstrap\\autoload.php on line 17
[Wed Feb 15 04:06:19.773842 2017] [authz_core:error] [pid 18052:tid 1748] [client 192.168.3.185:59464] AH01630: client denied by server configuration: C:/xampp/htdocs/
[Wed Feb 15 04:18:53.099832 2017] [:error] [pid 18052:tid 1772] [client 10.200.215.100:65180] PHP Fatal error:  Class 'Groups' not found in C:\\xampp\\htdocs\\8087\\Intranet\\storage\\framework\\views\\630b1de68e7455f6126e5607d2a56be8 on line 204
[Wed Feb 15 08:10:17.023866 2017] [authz_core:error] [pid 18052:tid 1780] [client 192.168.3.185:51127] AH01630: client denied by server configuration: C:/xampp/htdocs/
[Wed Feb 15 10:26:41.349299 2017] [:error] [pid 18052:tid 1748] [client 192.168.3.132:56247] PHP Fatal error:  Maximum execution time of 30 seconds exceeded in C:\\xampp\\htdocs\\Intranet\\vendor\\compiled.php on line 6440, referer: http://ixi-portalsvr/request/purchase/create
[Wed Feb 15 12:13:04.584818 2017] [authz_core:error] [pid 18052:tid 1772] [client 192.168.3.185:59471] AH01630: client denied by server configuration: C:/xampp/htdocs/
[Wed Feb 15 16:13:39.860961 2017] [authz_core:error] [pid 18052:tid 1696] [client 192.168.3.185:59694] AH01630: client denied by server configuration: C:/xampp/htdocs/
[Wed Feb 15 20:06:05.324810 2017] [authz_core:error] [pid 18052:tid 1772] [client 192.168.3.185:50560] AH01630: client denied by server configuration: C:/xampp/htdocs/
[Thu Feb 16 00:07:03.312412 2017] [authz_core:error] [pid 18052:tid 1696] [client 192.168.3.185:57688] AH01630: client denied by server configuration: C:/xampp/htdocs/
[Thu Feb 16 04:06:06.272891 2017] [authz_core:error] [pid 18052:tid 1780] [client 192.168.3.185:64869] AH01630: client denied by server configuration: C:/xampp/htdocs/
[Thu Feb 16 08:09:39.976589 2017] [authz_core:error] [pid 18052:tid 1720] [client 192.168.3.185:55866] AH01630: client denied by server configuration: C:/xampp/htdocs/
[Thu Feb 16 12:12:45.474085 2017] [authz_core:error] [pid 18052:tid 1788] [client 192.168.3.185:63529] AH01630: client denied by server configuration: C:/xampp/htdocs/
[Thu Feb 16 16:12:45.121132 2017] [authz_core:error] [pid 18052:tid 1772] [client 192.168.3.185:55120] AH01630: client denied by server configuration: C:/xampp/htdocs/
[Thu Feb 16 20:06:40.484126 2017] [authz_core:error] [pid 18052:tid 1704] [client 192.168.3.185:61962] AH01630: client denied by server configuration: C:/xampp/htdocs/
[Fri Feb 17 00:06:44.111981 2017] [authz_core:error] [pid 18052:tid 1736] [client 192.168.3.185:52634] AH01630: client denied by server configuration: C:/xampp/htdocs/
[Fri Feb 17 04:09:26.634654 2017] [authz_core:error] [pid 18052:tid 1772] [client 192.168.3.185:59671] AH01630: client denied by server configuration: C:/xampp/htdocs/
[Fri Feb 17 08:10:53.583258 2017] [authz_core:error] [pid 18052:tid 1688] [client 192.168.3.185:50353] AH01630: client denied by server configuration: C:/xampp/htdocs/
[Fri Feb 17 12:16:17.971793 2017] [authz_core:error] [pid 18052:tid 1736] [client 192.168.3.185:58078] AH01630: client denied by server configuration: C:/xampp/htdocs/
[Fri Feb 17 14:27:27.851379 2017] [:error] [pid 18052:tid 1760] [client 192.168.3.91:56145] PHP Fatal error:  Maximum execution time of 30 seconds exceeded in C:\\xampp\\htdocs\\Intranet\\vendor\\compiled.php on line 6440, referer: http://intranet/quotes/284/lines/create
[Fri Feb 17 14:27:27.882626 2017] [:error] [pid 18052:tid 1768] [client 192.168.3.91:56147] PHP Fatal error:  Maximum execution time of 30 seconds exceeded in C:\\xampp\\htdocs\\Intranet\\vendor\\compiled.php on line 6440, referer: http://intranet/quotes/284/lines/create
[Fri Feb 17 16:14:51.722602 2017] [authz_core:error] [pid 18052:tid 1748] [client 192.168.3.185:49380] AH01630: client denied by server configuration: C:/xampp/htdocs/
[Fri Feb 17 17:36:21.844864 2017] [ssl:warn] [pid 15216:tid 340] AH01909: www.example.com:443:0 server certificate does NOT include an ID which matches the server name
[Fri Feb 17 17:36:21.954241 2017] [core:warn] [pid 15216:tid 340] AH00098: pid file C:/xampp/apache/logs/httpd.pid overwritten -- Unclean shutdown of previous Apache run?
[Fri Feb 17 17:36:22.172996 2017] [ssl:warn] [pid 15216:tid 340] AH01909: www.example.com:443:0 server certificate does NOT include an ID which matches the server name
[Fri Feb 17 17:36:22.376125 2017] [mpm_winnt:notice] [pid 15216:tid 340] AH00455: Apache/2.4.23 (Win32) OpenSSL/1.0.2h PHP/5.6.24 configured -- resuming normal operations
[Fri Feb 17 17:36:22.376125 2017] [mpm_winnt:notice] [pid 15216:tid 340] AH00456: Apache Lounge VC11 Server built: Jul  7 2016 11:13:22
[Fri Feb 17 17:36:22.376125 2017] [core:notice] [pid 15216:tid 340] AH00094: Command line: 'c:\\xampp\\apache\\bin\\httpd.exe -d C:/xampp/apache'
[Fri Feb 17 17:36:22.376125 2017] [mpm_winnt:notice] [pid 15216:tid 340] AH00418: Parent: Created child process 14288
[Fri Feb 17 17:36:23.313499 2017] [ssl:warn] [pid 14288:tid 432] AH01909: www.example.com:443:0 server certificate does NOT include an ID which matches the server name
[Fri Feb 17 17:36:23.594755 2017] [ssl:warn] [pid 14288:tid 432] AH01909: www.example.com:443:0 server certificate does NOT include an ID which matches the server name
[Fri Feb 17 17:36:23.672881 2017] [mpm_winnt:notice] [pid 14288:tid 432] AH00354: Child: Starting 150 worker threads.
[Fri Feb 17 17:36:28.719863 2017] [mpm_winnt:crit] [pid 14288:tid 432] AH02538: Child: Parent process exited abruptly. Child process is ending
[Fri Feb 17 18:20:30.763744 2017] [ssl:warn] [pid 12476:tid 424] AH01909: www.example.com:443:0 server certificate does NOT include an ID which matches the server name
[Fri Feb 17 18:20:30.873118 2017] [core:warn] [pid 12476:tid 424] AH00098: pid file C:/xampp/apache/logs/httpd.pid overwritten -- Unclean shutdown of previous Apache run?
[Fri Feb 17 18:20:31.091873 2017] [ssl:warn] [pid 12476:tid 424] AH01909: www.example.com:443:0 server certificate does NOT include an ID which matches the server name
[Fri Feb 17 18:20:31.185630 2017] [mpm_winnt:notice] [pid 12476:tid 424] AH00455: Apache/2.4.23 (Win32) OpenSSL/1.0.2h PHP/5.6.24 configured -- resuming normal operations
[Fri Feb 17 18:20:31.185630 2017] [mpm_winnt:notice] [pid 12476:tid 424] AH00456: Apache Lounge VC11 Server built: Jul  7 2016 11:13:22
[Fri Feb 17 18:20:31.185630 2017] [core:notice] [pid 12476:tid 424] AH00094: Command line: 'c:\\xampp\\apache\\bin\\httpd.exe -d C:/xampp/apache'
[Fri Feb 17 18:20:31.185630 2017] [mpm_winnt:notice] [pid 12476:tid 424] AH00418: Parent: Created child process 16252
[Fri Feb 17 18:20:32.138769 2017] [ssl:warn] [pid 16252:tid 424] AH01909: www.example.com:443:0 server certificate does NOT include an ID which matches the server name
[Fri Feb 17 18:20:32.435654 2017] [ssl:warn] [pid 16252:tid 424] AH01909: www.example.com:443:0 server certificate does NOT include an ID which matches the server name
[Fri Feb 17 18:20:32.529407 2017] [mpm_winnt:notice] [pid 16252:tid 424] AH00354: Child: Starting 150 worker threads.
[Fri Feb 17 20:05:11.248338 2017] [authz_core:error] [pid 16252:tid 1792] [client 192.168.3.185:55934] AH01630: client denied by server configuration: C:/xampp/htdocs/
[Sat Feb 18 00:05:43.107020 2017] [authz_core:error] [pid 16252:tid 1780] [client 192.168.3.185:62426] AH01630: client denied by server configuration: C:/xampp/htdocs/
[Sat Feb 18 04:06:20.135249 2017] [authz_core:error] [pid 16252:tid 1756] [client 192.168.3.185:52823] AH01630: client denied by server configuration: C:/xampp/htdocs/
[Sat Feb 18 08:08:15.083591 2017] [authz_core:error] [pid 16252:tid 1780] [client 192.168.3.185:59408] AH01630: client denied by server configuration: C:/xampp/htdocs/
[Sat Feb 18 12:05:56.167140 2017] [authz_core:error] [pid 16252:tid 1780] [client 192.168.3.185:49641] AH01630: client denied by server configuration: C:/xampp/htdocs/
[Sat Feb 18 16:06:23.575162 2017] [authz_core:error] [pid 16252:tid 1780] [client 192.168.3.185:58280] AH01630: client denied by server configuration: C:/xampp/htdocs/
[Sat Feb 18 20:06:15.467508 2017] [authz_core:error] [pid 16252:tid 1792] [client 192.168.3.185:64865] AH01630: client denied by server configuration: C:/xampp/htdocs/
[Sun Feb 19 00:06:59.917262 2017] [authz_core:error] [pid 16252:tid 1780] [client 192.168.3.185:55165] AH01630: client denied by server configuration: C:/xampp/htdocs/
[Sun Feb 19 04:06:41.160808 2017] [authz_core:error] [pid 16252:tid 1748] [client 192.168.3.185:61728] AH01630: client denied by server configuration: C:/xampp/htdocs/
[Sun Feb 19 08:06:10.260057 2017] [authz_core:error] [pid 16252:tid 1748] [client 192.168.3.185:52150] AH01630: client denied by server configuration: C:/xampp/htdocs/
[Sun Feb 19 12:06:19.688199 2017] [authz_core:error] [pid 16252:tid 1748] [client 192.168.3.185:58609] AH01630: client denied by server configuration: C:/xampp/htdocs/
[Sun Feb 19 16:06:07.655029 2017] [authz_core:error] [pid 16252:tid 1784] [client 192.168.3.185:65327] AH01630: client denied by server configuration: C:/xampp/htdocs/
[Sun Feb 19 20:06:49.473862 2017] [authz_core:error] [pid 16252:tid 1768] [client 192.168.3.185:55822] AH01630: client denied by server configuration: C:/xampp/htdocs/
[Sun Feb 19 22:27:04.618269 2017] [:error] [pid 16252:tid 1756] [client 192.168.3.114:60707] PHP Fatal error:  Maximum execution time of 30 seconds exceeded in C:\\xampp\\htdocs\\Intranet\\vendor\\compiled.php on line 6440
[Mon Feb 20 00:05:38.806246 2017] [authz_core:error] [pid 16252:tid 1756] [client 192.168.3.185:62380] AH01630: client denied by server configuration: C:/xampp/htdocs/
[Mon Feb 20 04:05:35.819144 2017] [authz_core:error] [pid 16252:tid 1784] [client 192.168.3.185:52715] AH01630: client denied by server configuration: C:/xampp/htdocs/
[Mon Feb 20 08:05:43.879804 2017] [authz_core:error] [pid 16252:tid 1784] [client 192.168.3.185:59203] AH01630: client denied by server configuration: C:/xampp/htdocs/
[Mon Feb 20 12:06:34.766908 2017] [authz_core:error] [pid 16252:tid 1784] [client 192.168.3.185:49810] AH01630: client denied by server configuration: C:/xampp/htdocs/
[Mon Feb 20 16:05:38.832775 2017] [authz_core:error] [pid 16252:tid 1784] [client 192.168.3.185:56883] AH01630: client denied by server configuration: C:/xampp/htdocs/
[Mon Feb 20 20:07:52.887359 2017] [authz_core:error] [pid 16252:tid 1784] [client 192.168.3.185:63481] AH01630: client denied by server configuration: C:/xampp/htdocs/
[Tue Feb 21 00:06:08.593186 2017] [authz_core:error] [pid 16252:tid 1784] [client 192.168.3.185:53867] AH01630: client denied by server configuration: C:/xampp/htdocs/
[Tue Feb 21 04:05:54.249732 2017] [authz_core:error] [pid 16252:tid 1784] [client 192.168.3.185:60370] AH01630: client denied by server configuration: C:/xampp/htdocs/
[Tue Feb 21 04:37:30.508388 2017] [authz_core:error] [pid 16252:tid 1784] [client 192.168.3.114:64677] AH01630: client denied by server configuration: C:/xampp/htdocs/Intranet
[Tue Feb 21 04:37:30.524009 2017] [authz_core:error] [pid 16252:tid 1784] [client 192.168.3.114:64679] AH01630: client denied by server configuration: C:/xampp/htdocs/Intranet
[Tue Feb 21 04:38:30.496049 2017] [authz_core:error] [pid 16252:tid 1784] [client 192.168.3.114:64838] AH01630: client denied by server configuration: C:/xampp/htdocs/Intranet
[Tue Feb 21 04:39:30.494549 2017] [authz_core:error] [pid 16252:tid 1784] [client 192.168.3.114:65004] AH01630: client denied by server configuration: C:/xampp/htdocs/Intranet/public
[Tue Feb 21 04:40:30.492478 2017] [authz_core:error] [pid 16252:tid 1784] [client 192.168.3.114:65167] AH01630: client denied by server configuration: C:/xampp/htdocs/Intranet/public
[Tue Feb 21 04:41:30.501165 2017] [authz_core:error] [pid 16252:tid 1784] [client 192.168.3.114:65347] AH01630: client denied by server configuration: C:/xampp/htdocs/Intranet/public
[Tue Feb 21 04:42:30.495508 2017] [:error] [pid 16252:tid 1784] [client 192.168.3.114:65515] PHP Warning:  require(C:\\xampp\\htdocs\\Intranet\\bootstrap/../vendor/autoload.php): failed to open stream: No such file or directory in C:\\xampp\\htdocs\\Intranet\\bootstrap\\autoload.php on line 17
[Tue Feb 21 04:42:30.495508 2017] [:error] [pid 16252:tid 1784] [client 192.168.3.114:65515] PHP Fatal error:  require(): Failed opening required 'C:\\xampp\\htdocs\\Intranet\\bootstrap/../vendor/autoload.php' (include_path='C:\\xampp\\php\\PEAR') in C:\\xampp\\htdocs\\Intranet\\bootstrap\\autoload.php on line 17
[Tue Feb 21 04:43:30.500339 2017] [:error] [pid 16252:tid 1784] [client 192.168.3.114:49289] PHP Warning:  require(C:\\xampp\\htdocs\\Intranet\\bootstrap/../vendor/autoload.php): failed to open stream: No such file or directory in C:\\xampp\\htdocs\\Intranet\\bootstrap\\autoload.php on line 17
[Tue Feb 21 04:43:30.500339 2017] [:error] [pid 16252:tid 1784] [client 192.168.3.114:49289] PHP Fatal error:  require(): Failed opening required 'C:\\xampp\\htdocs\\Intranet\\bootstrap/../vendor/autoload.php' (include_path='C:\\xampp\\php\\PEAR') in C:\\xampp\\htdocs\\Intranet\\bootstrap\\autoload.php on line 17
[Tue Feb 21 04:44:30.499509 2017] [:error] [pid 16252:tid 1784] [client 192.168.3.114:49459] PHP Warning:  require(C:\\xampp\\htdocs\\Intranet\\bootstrap/../vendor/autoload.php): failed to open stream: No such file or directory in C:\\xampp\\htdocs\\Intranet\\bootstrap\\autoload.php on line 17
[Tue Feb 21 04:44:30.499509 2017] [:error] [pid 16252:tid 1784] [client 192.168.3.114:49459] PHP Fatal error:  require(): Failed opening required 'C:\\xampp\\htdocs\\Intranet\\bootstrap/../vendor/autoload.php' (include_path='C:\\xampp\\php\\PEAR') in C:\\xampp\\htdocs\\Intranet\\bootstrap\\autoload.php on line 17
[Tue Feb 21 04:45:30.491175 2017] [:error] [pid 16252:tid 1784] [client 192.168.3.114:49620] PHP Warning:  require(C:\\xampp\\htdocs\\Intranet\\bootstrap/../vendor/autoload.php): failed to open stream: No such file or directory in C:\\xampp\\htdocs\\Intranet\\bootstrap\\autoload.php on line 17
[Tue Feb 21 04:45:30.491175 2017] [:error] [pid 16252:tid 1784] [client 192.168.3.114:49620] PHP Fatal error:  require(): Failed opening required 'C:\\xampp\\htdocs\\Intranet\\bootstrap/../vendor/autoload.php' (include_path='C:\\xampp\\php\\PEAR') in C:\\xampp\\htdocs\\Intranet\\bootstrap\\autoload.php on line 17
[Tue Feb 21 04:46:07.045126 2017] [:error] [pid 16252:tid 1784] [client 192.168.3.205:63028] PHP Warning:  require(C:\\xampp\\htdocs\\Intranet\\bootstrap/../vendor/autoload.php): failed to open stream: No such file or directory in C:\\xampp\\htdocs\\Intranet\\bootstrap\\autoload.php on line 17
[Tue Feb 21 04:46:07.045126 2017] [:error] [pid 16252:tid 1784] [client 192.168.3.205:63028] PHP Fatal error:  require(): Failed opening required 'C:\\xampp\\htdocs\\Intranet\\bootstrap/../vendor/autoload.php' (include_path='C:\\xampp\\php\\PEAR') in C:\\xampp\\htdocs\\Intranet\\bootstrap\\autoload.php on line 17
[Tue Feb 21 04:46:20.186001 2017] [:error] [pid 16252:tid 1792] [client 192.168.3.205:63039] PHP Warning:  require(C:\\xampp\\htdocs\\Intranet\\bootstrap/../vendor/autoload.php): failed to open stream: No such file or directory in C:\\xampp\\htdocs\\Intranet\\bootstrap\\autoload.php on line 17
[Tue Feb 21 04:46:20.186001 2017] [:error] [pid 16252:tid 1792] [client 192.168.3.205:63039] PHP Fatal error:  require(): Failed opening required 'C:\\xampp\\htdocs\\Intranet\\bootstrap/../vendor/autoload.php' (include_path='C:\\xampp\\php\\PEAR') in C:\\xampp\\htdocs\\Intranet\\bootstrap\\autoload.php on line 17
[Tue Feb 21 04:46:30.487102 2017] [:error] [pid 16252:tid 1792] [client 192.168.3.114:49795] PHP Warning:  require(C:\\xampp\\htdocs\\Intranet\\bootstrap/../vendor/autoload.php): failed to open stream: No such file or directory in C:\\xampp\\htdocs\\Intranet\\bootstrap\\autoload.php on line 17
[Tue Feb 21 04:46:30.487102 2017] [:error] [pid 16252:tid 1792] [client 192.168.3.114:49795] PHP Fatal error:  require(): Failed opening required 'C:\\xampp\\htdocs\\Intranet\\bootstrap/../vendor/autoload.php' (include_path='C:\\xampp\\php\\PEAR') in C:\\xampp\\htdocs\\Intranet\\bootstrap\\autoload.php on line 17
[Tue Feb 21 04:47:30.489139 2017] [:error] [pid 16252:tid 1792] [client 192.168.3.114:49967] PHP Warning:  require(C:\\xampp\\htdocs\\Intranet\\bootstrap/../vendor/autoload.php): failed to open stream: No such file or directory in C:\\xampp\\htdocs\\Intranet\\bootstrap\\autoload.php on line 17
[Tue Feb 21 04:47:30.489139 2017] [:error] [pid 16252:tid 1792] [client 192.168.3.114:49967] PHP Fatal error:  require(): Failed opening required 'C:\\xampp\\htdocs\\Intranet\\bootstrap/../vendor/autoload.php' (include_path='C:\\xampp\\php\\PEAR') in C:\\xampp\\htdocs\\Intranet\\bootstrap\\autoload.php on line 17
[Tue Feb 21 04:47:41.817504 2017] [:error] [pid 16252:tid 1756] [client 192.168.3.205:63061] PHP Warning:  require(C:\\xampp\\htdocs\\Intranet\\bootstrap/../vendor/autoload.php): failed to open stream: No such file or directory in C:\\xampp\\htdocs\\Intranet\\bootstrap\\autoload.php on line 17
[Tue Feb 21 04:47:41.817504 2017] [:error] [pid 16252:tid 1756] [client 192.168.3.205:63061] PHP Fatal error:  require(): Failed opening required 'C:\\xampp\\htdocs\\Intranet\\bootstrap/../vendor/autoload.php' (include_path='C:\\xampp\\php\\PEAR') in C:\\xampp\\htdocs\\Intranet\\bootstrap\\autoload.php on line 17
[Tue Feb 21 04:48:30.495197 2017] [:error] [pid 16252:tid 1756] [client 192.168.3.114:50132] PHP Warning:  require(C:\\xampp\\htdocs\\Intranet\\bootstrap/../vendor/autoload.php): failed to open stream: No such file or directory in C:\\xampp\\htdocs\\Intranet\\bootstrap\\autoload.php on line 17
[Tue Feb 21 04:48:30.495197 2017] [:error] [pid 16252:tid 1756] [client 192.168.3.114:50132] PHP Fatal error:  require(): Failed opening required 'C:\\xampp\\htdocs\\Intranet\\bootstrap/../vendor/autoload.php' (include_path='C:\\xampp\\php\\PEAR') in C:\\xampp\\htdocs\\Intranet\\bootstrap\\autoload.php on line 17
[Tue Feb 21 08:08:51.466907 2017] [authz_core:error] [pid 16252:tid 1768] [client 192.168.3.185:50789] AH01630: client denied by server configuration: C:/xampp/htdocs/
[Tue Feb 21 12:17:40.296448 2017] [authz_core:error] [pid 16252:tid 1784] [client 192.168.3.185:59004] AH01630: client denied by server configuration: C:/xampp/htdocs/
[Tue Feb 21 16:11:48.789683 2017] [authz_core:error] [pid 16252:tid 1712] [client 192.168.3.185:60844] AH01630: client denied by server configuration: C:/xampp/htdocs/
[Tue Feb 21 20:06:48.881059 2017] [authz_core:error] [pid 16252:tid 1784] [client 192.168.3.185:54836] AH01630: client denied by server configuration: C:/xampp/htdocs/
[Wed Feb 22 00:07:52.289571 2017] [authz_core:error] [pid 16252:tid 1768] [client 192.168.3.185:65031] AH01630: client denied by server configuration: C:/xampp/htdocs/
[Wed Feb 22 04:07:11.412264 2017] [authz_core:error] [pid 16252:tid 1748] [client 192.168.3.185:57956] AH01630: client denied by server configuration: C:/xampp/htdocs/
[Wed Feb 22 08:10:37.413806 2017] [authz_core:error] [pid 16252:tid 1748] [client 192.168.3.185:52257] AH01630: client denied by server configuration: C:/xampp/htdocs/
[Wed Feb 22 10:28:27.566074 2017] [:error] [pid 16252:tid 1712] [client 192.168.3.192:64434] PHP Fatal error:  Maximum execution time of 30 seconds exceeded in C:\\xampp\\htdocs\\Intranet\\vendor\\laravel\\framework\\src\\Illuminate\\Filesystem\\Filesystem.php on line 75, referer: http://ixi-portalsvr/tools
[Wed Feb 22 12:17:19.487620 2017] [authz_core:error] [pid 16252:tid 1792] [client 192.168.3.185:63180] AH01630: client denied by server configuration: C:/xampp/htdocs/
[Wed Feb 22 14:27:26.634520 2017] [:error] [pid 16252:tid 1740] [client 192.168.3.218:61695] PHP Fatal error:  Maximum execution time of 30 seconds exceeded in C:\\xampp\\htdocs\\Intranet\\vendor\\laravel\\framework\\src\\Illuminate\\Filesystem\\Filesystem.php on line 75, referer: http://ixi-portalsvr/recon/2/line
[Wed Feb 22 16:17:54.854700 2017] [authz_core:error] [pid 16252:tid 1748] [client 192.168.3.185:57024] AH01630: client denied by server configuration: C:/xampp/htdocs/
[Wed Feb 22 20:08:47.675094 2017] [authz_core:error] [pid 16252:tid 1792] [client 192.168.3.185:50849] AH01630: client denied by server configuration: C:/xampp/htdocs/
[Thu Feb 23 00:08:36.795104 2017] [authz_core:error] [pid 16252:tid 1792] [client 192.168.3.185:60666] AH01630: client denied by server configuration: C:/xampp/htdocs/
[Thu Feb 23 04:08:37.464235 2017] [authz_core:error] [pid 16252:tid 1748] [client 192.168.3.185:54095] AH01630: client denied by server configuration: C:/xampp/htdocs/
[Thu Feb 23 08:10:48.460644 2017] [authz_core:error] [pid 16252:tid 1756] [client 192.168.3.185:64179] AH01630: client denied by server configuration: C:/xampp/htdocs/
[Thu Feb 23 12:18:12.850112 2017] [authz_core:error] [pid 16252:tid 1768] [client 192.168.3.185:58677] AH01630: client denied by server configuration: C:/xampp/htdocs/
[Thu Feb 23 16:14:05.204087 2017] [authz_core:error] [pid 16252:tid 1740] [client 192.168.3.185:53773] AH01630: client denied by server configuration: C:/xampp/htdocs/
[Thu Feb 23 20:08:25.774685 2017] [authz_core:error] [pid 16252:tid 1792] [client 192.168.3.185:63858] AH01630: client denied by server configuration: C:/xampp/htdocs/
[Mon Feb 27 12:29:44.104930 2017] [mpm_winnt:crit] [pid 16252:tid 424] AH02538: Child: Parent process exited abruptly. Child process is ending
[Mon Feb 27 12:29:46.408719 2017] [ssl:warn] [pid 10208:tid 420] AH01909: www.example.com:443:0 server certificate does NOT include an ID which matches the server name
[Mon Feb 27 12:29:46.478775 2017] [core:warn] [pid 10208:tid 420] AH00098: pid file C:/xampp/apache/logs/httpd.pid overwritten -- Unclean shutdown of previous Apache run?
[Mon Feb 27 12:29:46.686947 2017] [ssl:warn] [pid 10208:tid 420] AH01909: www.example.com:443:0 server certificate does NOT include an ID which matches the server name
[Mon Feb 27 12:29:46.771014 2017] [mpm_winnt:notice] [pid 10208:tid 420] AH00455: Apache/2.4.23 (Win32) OpenSSL/1.0.2h PHP/5.6.24 configured -- resuming normal operations
[Mon Feb 27 12:29:46.771014 2017] [mpm_winnt:notice] [pid 10208:tid 420] AH00456: Apache Lounge VC11 Server built: Jul  7 2016 11:13:22
[Mon Feb 27 12:29:46.771014 2017] [core:notice] [pid 10208:tid 420] AH00094: Command line: 'c:\\xampp\\apache\\bin\\httpd.exe -d C:/xampp/apache'
[Mon Feb 27 12:29:46.773011 2017] [mpm_winnt:notice] [pid 10208:tid 420] AH00418: Parent: Created child process 19452
[Mon Feb 27 12:29:47.718767 2017] [ssl:warn] [pid 19452:tid 432] AH01909: www.example.com:443:0 server certificate does NOT include an ID which matches the server name
[Mon Feb 27 12:29:48.004274 2017] [ssl:warn] [pid 19452:tid 432] AH01909: www.example.com:443:0 server certificate does NOT include an ID which matches the server name
[Mon Feb 27 12:29:48.084339 2017] [mpm_winnt:notice] [pid 19452:tid 432] AH00354: Child: Starting 150 worker threads.
[Mon Feb 27 12:31:37.775615 2017] [mpm_winnt:crit] [pid 19452:tid 432] AH02538: Child: Parent process exited abruptly. Child process is ending
[Mon Feb 27 12:31:44.831716 2017] [ssl:warn] [pid 16520:tid 452] AH01909: www.example.com:443:0 server certificate does NOT include an ID which matches the server name
[Mon Feb 27 12:31:44.909843 2017] [core:warn] [pid 16520:tid 452] AH00098: pid file C:/xampp/apache/logs/httpd.pid overwritten -- Unclean shutdown of previous Apache run?
[Mon Feb 27 12:31:45.112973 2017] [ssl:warn] [pid 16520:tid 452] AH01909: www.example.com:443:0 server certificate does NOT include an ID which matches the server name
[Mon Feb 27 12:31:45.175474 2017] [mpm_winnt:notice] [pid 16520:tid 452] AH00455: Apache/2.4.23 (Win32) OpenSSL/1.0.2h PHP/5.6.24 configured -- resuming normal operations
[Mon Feb 27 12:31:45.175474 2017] [mpm_winnt:notice] [pid 16520:tid 452] AH00456: Apache Lounge VC11 Server built: Jul  7 2016 11:13:22
[Mon Feb 27 12:31:45.175474 2017] [core:notice] [pid 16520:tid 452] AH00094: Command line: 'c:\\xampp\\apache\\bin\\httpd.exe -d C:/xampp/apache'
[Mon Feb 27 12:31:45.191095 2017] [mpm_winnt:notice] [pid 16520:tid 452] AH00418: Parent: Created child process 9196
[Mon Feb 27 12:31:46.112993 2017] [ssl:warn] [pid 9196:tid 436] AH01909: www.example.com:443:0 server certificate does NOT include an ID which matches the server name
[Mon Feb 27 12:31:46.378622 2017] [ssl:warn] [pid 9196:tid 436] AH01909: www.example.com:443:0 server certificate does NOT include an ID which matches the server name
[Mon Feb 27 12:31:46.456748 2017] [mpm_winnt:notice] [pid 9196:tid 436] AH00354: Child: Starting 150 worker threads.
[Mon Feb 27 12:39:39.248070 2017] [mpm_winnt:crit] [pid 9196:tid 436] AH02538: Child: Parent process exited abruptly. Child process is ending
[Mon Feb 27 12:39:41.613021 2017] [ssl:warn] [pid 19020:tid 440] AH01909: www.example.com:443:0 server certificate does NOT include an ID which matches the server name
[Mon Feb 27 12:39:41.688075 2017] [core:warn] [pid 19020:tid 440] AH00098: pid file C:/xampp/apache/logs/httpd.pid overwritten -- Unclean shutdown of previous Apache run?
[Mon Feb 27 12:39:41.914261 2017] [ssl:warn] [pid 19020:tid 440] AH01909: www.example.com:443:0 server certificate does NOT include an ID which matches the server name
[Mon Feb 27 12:39:41.992323 2017] [mpm_winnt:notice] [pid 19020:tid 440] AH00455: Apache/2.4.23 (Win32) OpenSSL/1.0.2h PHP/5.6.24 configured -- resuming normal operations
[Mon Feb 27 12:39:41.992323 2017] [mpm_winnt:notice] [pid 19020:tid 440] AH00456: Apache Lounge VC11 Server built: Jul  7 2016 11:13:22
[Mon Feb 27 12:39:41.992323 2017] [core:notice] [pid 19020:tid 440] AH00094: Command line: 'c:\\xampp\\apache\\bin\\httpd.exe -d C:/xampp/apache'
[Mon Feb 27 12:39:41.994319 2017] [mpm_winnt:notice] [pid 19020:tid 440] AH00418: Parent: Created child process 17120
[Mon Feb 27 12:39:42.951085 2017] [ssl:warn] [pid 17120:tid 436] AH01909: www.example.com:443:0 server certificate does NOT include an ID which matches the server name
[Mon Feb 27 12:39:43.237317 2017] [ssl:warn] [pid 17120:tid 436] AH01909: www.example.com:443:0 server certificate does NOT include an ID which matches the server name
[Mon Feb 27 12:39:43.317382 2017] [mpm_winnt:notice] [pid 17120:tid 436] AH00354: Child: Starting 150 worker threads.
[Mon Feb 27 12:46:54.321065 2017] [:error] [pid 17120:tid 1704] [client 192.168.3.137:62612] PHP Warning:  require(C:\\xampp\\htdocs\\Intranet\\vendor\\composer/../guzzlehttp/psr7/src/functions_include.php): failed to open stream: No such file or directory in C:\\xampp\\htdocs\\Intranet\\vendor\\composer\\autoload_real.php on line 66, referer: http://192.168.3.146/home
[Mon Feb 27 12:46:54.322065 2017] [:error] [pid 17120:tid 1704] [client 192.168.3.137:62612] PHP Fatal error:  require(): Failed opening required 'C:\\xampp\\htdocs\\Intranet\\vendor\\composer/../guzzlehttp/psr7/src/functions_include.php' (include_path='C:\\xampp\\php\\PEAR') in C:\\xampp\\htdocs\\Intranet\\vendor\\composer\\autoload_real.php on line 66, referer: http://192.168.3.146/home
[Mon Feb 27 12:53:23.012689 2017] [mpm_winnt:crit] [pid 17120:tid 436] AH02538: Child: Parent process exited abruptly. Child process is ending
[Mon Feb 27 12:53:25.247117 2017] [ssl:warn] [pid 17996:tid 416] AH01909: www.example.com:443:0 server certificate does NOT include an ID which matches the server name
[Mon Feb 27 12:53:25.309617 2017] [core:warn] [pid 17996:tid 416] AH00098: pid file C:/xampp/apache/logs/httpd.pid overwritten -- Unclean shutdown of previous Apache run?
[Mon Feb 27 12:53:25.528366 2017] [ssl:warn] [pid 17996:tid 416] AH01909: www.example.com:443:0 server certificate does NOT include an ID which matches the server name
[Mon Feb 27 12:53:25.590868 2017] [mpm_winnt:notice] [pid 17996:tid 416] AH00455: Apache/2.4.23 (Win32) OpenSSL/1.0.2h PHP/5.6.24 configured -- resuming normal operations
[Mon Feb 27 12:53:25.590868 2017] [mpm_winnt:notice] [pid 17996:tid 416] AH00456: Apache Lounge VC11 Server built: Jul  7 2016 11:13:22
[Mon Feb 27 12:53:25.590868 2017] [core:notice] [pid 17996:tid 416] AH00094: Command line: 'c:\\xampp\\apache\\bin\\httpd.exe -d C:/xampp/apache'
[Mon Feb 27 12:53:25.606494 2017] [mpm_winnt:notice] [pid 17996:tid 416] AH00418: Parent: Created child process 19296
[Mon Feb 27 12:53:26.528392 2017] [ssl:warn] [pid 19296:tid 428] AH01909: www.example.com:443:0 server certificate does NOT include an ID which matches the server name
[Mon Feb 27 12:53:26.747146 2017] [ssl:warn] [pid 19296:tid 428] AH01909: www.example.com:443:0 server certificate does NOT include an ID which matches the server name
[Mon Feb 27 12:53:26.794020 2017] [mpm_winnt:notice] [pid 19296:tid 428] AH00354: Child: Starting 150 worker threads.
[Mon Feb 27 13:07:27.132735 2017] [mpm_winnt:crit] [pid 19296:tid 428] AH02538: Child: Parent process exited abruptly. Child process is ending
[Mon Feb 27 13:07:29.281575 2017] [ssl:warn] [pid 22848:tid 416] AH01909: www.example.com:443:0 server certificate does NOT include an ID which matches the server name
[Mon Feb 27 13:07:29.362273 2017] [core:warn] [pid 22848:tid 416] AH00098: pid file C:/xampp/apache/logs/httpd.pid overwritten -- Unclean shutdown of previous Apache run?
[Mon Feb 27 13:07:29.563314 2017] [ssl:warn] [pid 22848:tid 416] AH01909: www.example.com:443:0 server certificate does NOT include an ID which matches the server name
[Mon Feb 27 13:07:29.625815 2017] [mpm_winnt:notice] [pid 22848:tid 416] AH00455: Apache/2.4.23 (Win32) OpenSSL/1.0.2h PHP/5.6.24 configured -- resuming normal operations
